Target Part: M1A3P1000L_FBGA484_STD
Report for cell geiger_integration.verilog
  Core Cell usage:
              cell count     area count*area
              AND2    11      1.0       11.0
              AND3    44      1.0       44.0
              AO1B     1      1.0        1.0
              AOI1     1      1.0        1.0
             AOI1B     9      1.0        9.0
               AX1     1      1.0        1.0
              AX1C    16      1.0       16.0
            CLKINT     2      0.0        0.0
               GND     8      0.0        0.0
               INV     4      1.0        4.0
               MX2    37      1.0       37.0
              NOR2     7      1.0        7.0
             NOR2A    26      1.0       26.0
             NOR2B    35      1.0       35.0
              NOR3     1      1.0        1.0
             NOR3A     3      1.0        3.0
             NOR3B     3      1.0        3.0
             NOR3C    27      1.0       27.0
              OA1A     2      1.0        2.0
               OR2    11      1.0       11.0
              OR2B     3      1.0        3.0
               OR3    14      1.0       14.0
               PLL     1      0.0        0.0
            PLLINT     1      0.0        0.0
               VCC     8      0.0        0.0
              XA1B    10      1.0       10.0
               XO1    12      1.0       12.0
              XOR2    85      1.0       85.0
             ZOR3I     2      1.0        2.0


            DFN1C0    70      1.0       70.0
            DFN1E0    48      1.0       48.0
          DFN1E0C0     3      1.0        3.0
            DFN1E1    44      1.0       44.0
          DFN1E1C0    64      1.0       64.0
            DFN1P0     5      1.0        5.0
                   -----          ----------
             TOTAL   619               599.0


  IO Cell usage:
              cell count
             INBUF     3
            OUTBUF     8
                   -----
             TOTAL    11


Core Cells         : 599 of 24576 (2%)
IO Cells           : 11

  RAM/ROM Usage Summary
Block Rams : 0 of 32 (0%)

